Category: 📺央视频道, Name: CCTV-1, Total: 290, Valid: 43, Valid Percent: 14.83%, Whitelist: 7, IPv4: 31, IPv6: 252, Min Delay: 0.1 ms, Max Speed: 1.59 M/s, Avg Speed: 0.61 M/s, Max Resolution: 1920x1080
Category: 📺央视频道, Name: CCTV-2, Total: 213, Valid: 31, Valid Percent: 14.55%, Whitelist: 6, IPv4: 22, IPv6: 185, Min Delay: 0.1 ms, Max Speed: 0.90 M/s, Avg Speed: 0.50 M/s, Max Resolution: 1920x1080
Category: 📺央视频道, Name: CCTV-3, Total: 208, Valid: 27, Valid Percent: 12.98%, Whitelist: 6, IPv4: 18, IPv6: 184, Min Delay: 0.1 ms, Max Speed: 0.91 M/s, Avg Speed: 0.53 M/s, Max Resolution: 1920x1080
Category: 📺央视频道, Name: CCTV-4, Total: 404, Valid: 48, Valid Percent: 11.88%, Whitelist: 7, IPv4: 42, IPv6: 355, Min Delay: 0.1 ms, Max Speed: 1.64 M/s, Avg Speed: 0.70 M/s, Max Resolution: 3840x2160
Category: 📺央视频道, Name: CCTV-5, Total: 221, Valid: 26, Valid Percent: 11.76%, Whitelist: 7, IPv4: 20, IPv6: 194, Min Delay: 0.1 ms, Max Speed: 0.90 M/s, Avg Speed: 0.50 M/s, Max Resolution: 1920x1080
Category: 📺央视频道, Name: CCTV-5+, Total: 180, Valid: 23, Valid Percent: 12.78%, Whitelist: 5, IPv4: 18, IPv6: 157, Min Delay: 0.1 ms, Max Speed: 1.20 M/s, Avg Speed: 0.59 M/s, Max Resolution: 1920x1080
Category: 📺央视频道, Name: CCTV-6, Total: 216, Valid: 27, Valid Percent: 12.50%, Whitelist: 7, IPv4: 20, IPv6: 189, Min Delay: 0.1 ms, Max Speed: 0.89 M/s, Avg Speed: 0.55 M/s, Max Resolution: 1920x1080
Category: 📺央视频道, Name: CCTV-7, Total: 193, Valid: 28, Valid Percent: 14.51%, Whitelist: 7, IPv4: 19, IPv6: 167, Min Delay: 0.1 ms, Max Speed: 1.73 M/s, Avg Speed: 0.54 M/s, Max Resolution: 1920x1080
Category: 📺央视频道, Name: CCTV-8, Total: 202, Valid: 29, Valid Percent: 14.36%, Whitelist: 7, IPv4: 20, IPv6: 175, Min Delay: 0.1 ms, Max Speed: 0.89 M/s, Avg Speed: 0.49 M/s, Max Resolution: 1920x1080
Category: 📺央视频道, Name: CCTV-9, Total: 181, Valid: 32, Valid Percent: 17.68%, Whitelist: 7, IPv4: 24, IPv6: 150, Min Delay: 0.1 ms, Max Speed: 0.97 M/s, Avg Speed: 0.49 M/s, Max Resolution: 1920x1080
Category: 📺央视频道, Name: CCTV-10, Total: 190, Valid: 29, Valid Percent: 15.26%, Whitelist: 7, IPv4: 20, IPv6: 163, Min Delay: 0.1 ms, Max Speed: 1.63 M/s, Avg Speed: 0.54 M/s, Max Resolution: 1920x1080
Category: 📺央视频道, Name: CCTV-11, Total: 171, Valid: 21, Valid Percent: 12.28%, Whitelist: 6, IPv4: 15, IPv6: 150, Min Delay: 0.1 ms, Max Speed: 0.89 M/s, Avg Speed: 0.49 M/s, Max Resolution: 1920x1080
Category: 📺央视频道, Name: CCTV-12, Total: 178, Valid: 28, Valid Percent: 15.73%, Whitelist: 2, IPv4: 20, IPv6: 156, Min Delay: 0.1 ms, Max Speed: 0.98 M/s, Avg Speed: 0.51 M/s, Max Resolution: 1920x1080
Category: 📺央视频道, Name: CCTV-13, Total: 241, Valid: 34, Valid Percent: 14.11%, Whitelist: 7, IPv4: 24, IPv6: 210, Min Delay: 0.1 ms, Max Speed: 1.65 M/s, Avg Speed: 0.49 M/s, Max Resolution: 1920x1080
Category: 📺央视频道, Name: CCTV-14, Total: 184, Valid: 31, Valid Percent: 16.85%, Whitelist: 7, IPv4: 22, IPv6: 155, Min Delay: 0.1 ms, Max Speed: 0.97 M/s, Avg Speed: 0.54 M/s, Max Resolution: 1920x1080
Category: 📺央视频道, Name: CCTV-15, Total: 173, Valid: 26, Valid Percent: 15.03%, Whitelist: 7, IPv4: 20, IPv6: 146, Min Delay: 0.1 ms, Max Speed: 1.45 M/s, Avg Speed: 0.57 M/s, Max Resolution: 1920x1080
Category: 📺央视频道, Name: CCTV-16, Total: 77, Valid: 18, Valid Percent: 23.38%, Whitelist: 4, IPv4: 13, IPv6: 60, Min Delay: 0.1 ms, Max Speed: 1.03 M/s, Avg Speed: 0.44 M/s, Max Resolution: 3840x2160
Category: 📺央视频道, Name: CCTV-17, Total: 202, Valid: 29, Valid Percent: 14.36%, Whitelist: 6, IPv4: 23, IPv6: 173, Min Delay: 0.1 ms, Max Speed: 0.97 M/s, Avg Speed: 0.55 M/s, Max Resolution: 1920x1080
Category: 📺央视频道, Name: CETV-1, Total: 130, Valid: 24, Valid Percent: 18.46%, Whitelist: 2, IPv4: 25, IPv6: 103, Min Delay: 363 ms, Max Speed: 0.97 M/s, Avg Speed: 0.77 M/s, Max Resolution: 1920x1080
Category: 📺央视频道, Name: CETV-2, Total: 89, Valid: 3, Valid Percent: 3.37%, Whitelist: 1, IPv4: 3, IPv6: 85, Min Delay: 400 ms, Max Speed: 0.48 M/s, Avg Speed: 0.36 M/s, Max Resolution: None
Category: 📺央视频道, Name: CETV-4, Total: 124, Valid: 16, Valid Percent: 12.90%, Whitelist: 2, IPv4: 16, IPv6: 106, Min Delay: 386 ms, Max Speed: 0.90 M/s, Avg Speed: 0.76 M/s, Max Resolution: 1920x1080
Category: 💰央视付费频道, Name: 文化精品, Total: 3, Valid: 0, Valid Percent: 0.00%, Whitelist: 0, IPv4: 0, IPv6: 3, Min Delay: -1 ms, Max Speed: 0.00 M/s, Avg Speed: 0.00 M/s, Max Resolution: None
Category: 💰央视付费频道, Name: 央视台球, Total: 8, Valid: 0, Valid Percent: 0.00%, Whitelist: 0, IPv4: 0, IPv6: 8, Min Delay: -1 ms, Max Speed: 0.00 M/s, Avg Speed: 0.00 M/s, Max Resolution: None
Category: 💰央视付费频道, Name: 风云音乐, Total: 7, Valid: 0, Valid Percent: 0.00%, Whitelist: 0, IPv4: 0, IPv6: 7, Min Delay: -1 ms, Max Speed: 0.00 M/s, Avg Speed: 0.00 M/s, Max Resolution: None
Category: 💰央视付费频道, Name: 第一剧场, Total: 8, Valid: 0, Valid Percent: 0.00%, Whitelist: 0, IPv4: 0, IPv6: 8, Min Delay: -1 ms, Max Speed: 0.00 M/s, Avg Speed: 0.00 M/s, Max Resolution: None
Category: 💰央视付费频道, Name: 风云剧场, Total: 7, Valid: 0, Valid Percent: 0.00%, Whitelist: 0, IPv4: 0, IPv6: 7, Min Delay: -1 ms, Max Speed: 0.00 M/s, Avg Speed: 0.00 M/s, Max Resolution: None
Category: 💰央视付费频道, Name: 怀旧剧场, Total: 6, Valid: 0, Valid Percent: 0.00%, Whitelist: 0, IPv4: 0, IPv6: 6, Min Delay: -1 ms, Max Speed: 0.00 M/s, Avg Speed: 0.00 M/s, Max Resolution: None
Category: 💰央视付费频道, Name: 女性时尚, Total: 6, Valid: 0, Valid Percent: 0.00%, Whitelist: 0, IPv4: 0, IPv6: 6, Min Delay: -1 ms, Max Speed: 0.00 M/s, Avg Speed: 0.00 M/s, Max Resolution: None
Category: 💰央视付费频道, Name: 高尔夫网球, Total: 8, Valid: 0, Valid Percent: 0.00%, Whitelist: 0, IPv4: 0, IPv6: 8, Min Delay: -1 ms, Max Speed: 0.00 M/s, Avg Speed: 0.00 M/s, Max Resolution: None
Category: 💰央视付费频道, Name: 风云足球, Total: 22, Valid: 1, Valid Percent: 4.55%, Whitelist: 0, IPv4: 1, IPv6: 21, Min Delay: 424 ms, Max Speed: 0.85 M/s, Avg Speed: 0.85 M/s, Max Resolution: None
Category: 💰央视付费频道, Name: 世界地理, Total: 24, Valid: 1, Valid Percent: 4.17%, Whitelist: 0, IPv4: 1, IPv6: 23, Min Delay: 426 ms, Max Speed: 0.06 M/s, Avg Speed: 0.06 M/s, Max Resolution: 1920x1080
Category: 💰央视付费频道, Name: 兵器科技, Total: 8, Valid: 1, Valid Percent: 12.50%, Whitelist: 0, IPv4: 1, IPv6: 7, Min Delay: 393 ms, Max Speed: 0.08 M/s, Avg Speed: 0.08 M/s, Max Resolution: 1920x1080
Category: 💰央视付费频道, Name: 老故事, Total: 3, Valid: 0, Valid Percent: 0.00%, Whitelist: 0, IPv4: 0, IPv6: 3, Min Delay: -1 ms, Max Speed: 0.00 M/s, Avg Speed: 0.00 M/s, Max Resolution: None
Category: 💰央视付费频道, Name: 茶频道, Total: 3, Valid: 0, Valid Percent: 0.00%, Whitelist: 0, IPv4: 3, IPv6: 0, Min Delay: 405 ms, Max Speed: 0.00 M/s, Avg Speed: 0.00 M/s, Max Resolution: 0x0
Category: 💰央视付费频道, Name: 求索记录, Total: 3, Valid: 0, Valid Percent: 0.00%, Whitelist: 0, IPv4: 0, IPv6: 3, Min Delay: -1 ms, Max Speed: 0.00 M/s, Avg Speed: 0.00 M/s, Max Resolution: None
Category: 💰央视付费频道, Name: 相声小品, Total: 1, Valid: 1, Valid Percent: 100.00%, Whitelist: 0, IPv4: 1, IPv6: 0, Min Delay: 632 ms, Max Speed: 0.31 M/s, Avg Speed: 0.31 M/s, Max Resolution: 1280x720
Category: 📡卫视频道, Name: 广东卫视, Total: 235, Valid: 29, Valid Percent: 12.34%, Whitelist: 6, IPv4: 23, IPv6: 206, Min Delay: 0.1 ms, Max Speed: 1.16 M/s, Avg Speed: 0.56 M/s, Max Resolution: 1920x1080
Category: 📡卫视频道, Name: 香港卫视, Total: 2, Valid: 1, Valid Percent: 50.00%, Whitelist: 0, IPv4: 0, IPv6: 2, Min Delay: 0.1 ms, Max Speed: 0.00 M/s, Avg Speed: 0.00 M/s, Max Resolution: 1920x1080
Category: 📡卫视频道, Name: 浙江卫视, Total: 149, Valid: 38, Valid Percent: 25.50%, Whitelist: 8, IPv4: 23, IPv6: 118, Min Delay: 0.1 ms, Max Speed: 1.38 M/s, Avg Speed: 0.48 M/s, Max Resolution: 3840x2160
Category: 📡卫视频道, Name: 湖南卫视, Total: 135, Valid: 30, Valid Percent: 22.22%, Whitelist: 7, IPv4: 25, IPv6: 103, Min Delay: 0.1 ms, Max Speed: 0.90 M/s, Avg Speed: 0.59 M/s, Max Resolution: 3840x2160
Category: 📡卫视频道, Name: 北京卫视, Total: 221, Valid: 29, Valid Percent: 13.12%, Whitelist: 6, IPv4: 23, IPv6: 192, Min Delay: 0.1 ms, Max Speed: 0.90 M/s, Avg Speed: 0.57 M/s, Max Resolution: 3840x2160
Category: 📡卫视频道, Name: 湖北卫视, Total: 188, Valid: 27, Valid Percent: 14.36%, Whitelist: 5, IPv4: 21, IPv6: 162, Min Delay: 0.1 ms, Max Speed: 1.41 M/s, Avg Speed: 0.58 M/s, Max Resolution: 1920x1080
Category: 📡卫视频道, Name: 黑龙江卫视, Total: 151, Valid: 29, Valid Percent: 19.21%, Whitelist: 3, IPv4: 21, IPv6: 127, Min Delay: 0.1 ms, Max Speed: 0.98 M/s, Avg Speed: 0.53 M/s, Max Resolution: 1920x1080
Category: 📡卫视频道, Name: 安徽卫视, Total: 121, Valid: 28, Valid Percent: 23.14%, Whitelist: 6, IPv4: 23, IPv6: 92, Min Delay: 0.1 ms, Max Speed: 0.97 M/s, Avg Speed: 0.63 M/s, Max Resolution: 1920x1080
Category: 📡卫视频道, Name: 重庆卫视, Total: 170, Valid: 27, Valid Percent: 15.88%, Whitelist: 3, IPv4: 21, IPv6: 146, Min Delay: 0.1 ms, Max Speed: 0.97 M/s, Avg Speed: 0.59 M/s, Max Resolution: 1920x1080
Category: 📡卫视频道, Name: 东方卫视, Total: 238, Valid: 32, Valid Percent: 13.45%, Whitelist: 9, IPv4: 24, IPv6: 205, Min Delay: 0.1 ms, Max Speed: 1.13 M/s, Avg Speed: 0.57 M/s, Max Resolution: 3840x2160
Category: 📡卫视频道, Name: 东南卫视, Total: 155, Valid: 26, Valid Percent: 16.77%, Whitelist: 4, IPv4: 21, IPv6: 130, Min Delay: 0.1 ms, Max Speed: 0.97 M/s, Avg Speed: 0.61 M/s, Max Resolution: 1920x1080
Category: 📡卫视频道, Name: 甘肃卫视, Total: 79, Valid: 17, Valid Percent: 21.52%, Whitelist: 4, IPv4: 16, IPv6: 59, Min Delay: 0.1 ms, Max Speed: 0.89 M/s, Avg Speed: 0.66 M/s, Max Resolution: 1920x1080
Category: 📡卫视频道, Name: 广西卫视, Total: 104, Valid: 28, Valid Percent: 26.92%, Whitelist: 4, IPv4: 20, IPv6: 80, Min Delay: 0.1 ms, Max Speed: 0.90 M/s, Avg Speed: 0.52 M/s, Max Resolution: 1920x1080
Category: 📡卫视频道, Name: 贵州卫视, Total: 95, Valid: 21, Valid Percent: 22.11%, Whitelist: 5, IPv4: 18, IPv6: 72, Min Delay: 0.1 ms, Max Speed: 0.89 M/s, Avg Speed: 0.63 M/s, Max Resolution: 1920x1080
Category: 📡卫视频道, Name: 海南卫视, Total: 165, Valid: 20, Valid Percent: 12.12%, Whitelist: 4, IPv4: 17, IPv6: 144, Min Delay: 0.1 ms, Max Speed: 0.89 M/s, Avg Speed: 0.60 M/s, Max Resolution: 1920x1080
Category: 📡卫视频道, Name: 河北卫视, Total: 368, Valid: 27, Valid Percent: 7.34%, Whitelist: 7, IPv4: 18, IPv6: 343, Min Delay: 0.1 ms, Max Speed: 1.45 M/s, Avg Speed: 0.52 M/s, Max Resolution: 1920x1080
Category: 📡卫视频道, Name: 河南卫视, Total: 177, Valid: 23, Valid Percent: 12.99%, Whitelist: 4, IPv4: 18, IPv6: 155, Min Delay: 0.1 ms, Max Speed: 0.90 M/s, Avg Speed: 0.56 M/s, Max Resolution: 1920x1080
Category: 📡卫视频道, Name: 吉林卫视, Total: 154, Valid: 20, Valid Percent: 12.99%, Whitelist: 5, IPv4: 17, IPv6: 132, Min Delay: 0.1 ms, Max Speed: 0.90 M/s, Avg Speed: 0.61 M/s, Max Resolution: 1920x1080
Category: 📡卫视频道, Name: 江苏卫视, Total: 263, Valid: 29, Valid Percent: 11.03%, Whitelist: 9, IPv4: 23, IPv6: 231, Min Delay: 0.1 ms, Max Speed: 1.17 M/s, Avg Speed: 0.63 M/s, Max Resolution: 3840x2160
Category: 📡卫视频道, Name: 江西卫视, Total: 216, Valid: 28, Valid Percent: 12.96%, Whitelist: 4, IPv4: 23, IPv6: 189, Min Delay: 0.1 ms, Max Speed: 0.98 M/s, Avg Speed: 0.61 M/s, Max Resolution: 1920x1080
Category: 📡卫视频道, Name: 辽宁卫视, Total: 198, Valid: 27, Valid Percent: 13.64%, Whitelist: 4, IPv4: 21, IPv6: 173, Min Delay: 0.1 ms, Max Speed: 0.90 M/s, Avg Speed: 0.58 M/s, Max Resolution: 1920x1080
Category: 📡卫视频道, Name: 内蒙古卫视, Total: 69, Valid: 7, Valid Percent: 10.14%, Whitelist: 4, IPv4: 5, IPv6: 60, Min Delay: 0.1 ms, Max Speed: 1.16 M/s, Avg Speed: 0.34 M/s, Max Resolution: 1920x1080
Category: 📡卫视频道, Name: 宁夏卫视, Total: 136, Valid: 2, Valid Percent: 1.47%, Whitelist: 3, IPv4: 2, IPv6: 131, Min Delay: 396 ms, Max Speed: 0.88 M/s, Avg Speed: 0.57 M/s, Max Resolution: None
Category: 📡卫视频道, Name: 青海卫视, Total: 180, Valid: 19, Valid Percent: 10.56%, Whitelist: 5, IPv4: 18, IPv6: 157, Min Delay: 0.1 ms, Max Speed: 0.89 M/s, Avg Speed: 0.65 M/s, Max Resolution: 1920x1080
Category: 📡卫视频道, Name: 山东卫视, Total: 131, Valid: 32, Valid Percent: 24.43%, Whitelist: 7, IPv4: 25, IPv6: 99, Min Delay: 0.1 ms, Max Speed: 1.08 M/s, Avg Speed: 0.61 M/s, Max Resolution: 3840x2160
Category: 📡卫视频道, Name: 山西卫视, Total: 61, Valid: 5, Valid Percent: 8.20%, Whitelist: 3, IPv4: 4, IPv6: 54, Min Delay: 0.1 ms, Max Speed: 0.87 M/s, Avg Speed: 0.46 M/s, Max Resolution: 1920x1080
Category: 📡卫视频道, Name: 陕西卫视, Total: 134, Valid: 3, Valid Percent: 2.24%, Whitelist: 4, IPv4: 3, IPv6: 127, Min Delay: 396 ms, Max Speed: 0.86 M/s, Avg Speed: 0.58 M/s, Max Resolution: None
Category: 📡卫视频道, Name: 四川卫视, Total: 117, Valid: 26, Valid Percent: 22.22%, Whitelist: 5, IPv4: 22, IPv6: 90, Min Delay: 0.1 ms, Max Speed: 1.38 M/s, Avg Speed: 0.66 M/s, Max Resolution: 3840x2160
Category: 📡卫视频道, Name: 深圳卫视, Total: 128, Valid: 25, Valid Percent: 19.53%, Whitelist: 6, IPv4: 20, IPv6: 102, Min Delay: 0.1 ms, Max Speed: 0.98 M/s, Avg Speed: 0.57 M/s, Max Resolution: 1920x1080
Category: 📡卫视频道, Name: 三沙卫视, Total: 122, Valid: 5, Valid Percent: 4.10%, Whitelist: 2, IPv4: 5, IPv6: 115, Min Delay: 396 ms, Max Speed: 0.82 M/s, Avg Speed: 0.46 M/s, Max Resolution: 1920x1080
Category: 📡卫视频道, Name: 天津卫视, Total: 103, Valid: 18, Valid Percent: 17.48%, Whitelist: 7, IPv4: 12, IPv6: 84, Min Delay: 0.1 ms, Max Speed: 1.46 M/s, Avg Speed: 0.46 M/s, Max Resolution: 1920x1080
Category: 📡卫视频道, Name: 西藏卫视, Total: 100, Valid: 13, Valid Percent: 13.00%, Whitelist: 5, IPv4: 8, IPv6: 87, Min Delay: 0.1 ms, Max Speed: 1.61 M/s, Avg Speed: 0.42 M/s, Max Resolution: 1920x1080
Category: 📡卫视频道, Name: 新疆卫视, Total: 70, Valid: 6, Valid Percent: 8.57%, Whitelist: 4, IPv4: 7, IPv6: 59, Min Delay: 381 ms, Max Speed: 0.85 M/s, Avg Speed: 0.43 M/s, Max Resolution: 1920x1080
Category: 📡卫视频道, Name: 云南卫视, Total: 87, Valid: 17, Valid Percent: 19.54%, Whitelist: 3, IPv4: 15, IPv6: 69, Min Delay: 0.1 ms, Max Speed: 0.90 M/s, Avg Speed: 0.69 M/s, Max Resolution: 1920x1080
Category: 📡卫视频道, Name: 农林卫视, Total: 23, Valid: 0, Valid Percent: 0.00%, Whitelist: 0, IPv4: 0, IPv6: 23, Min Delay: -1 ms, Max Speed: 0.00 M/s, Avg Speed: 0.00 M/s, Max Resolution: None
Category: ☘️上海频道, Name: 上海教育, Total: 3, Valid: 0, Valid Percent: 0.00%, Whitelist: 0, IPv4: 0, IPv6: 3, Min Delay: -1 ms, Max Speed: 0.00 M/s, Avg Speed: 0.00 M/s, Max Resolution: None
Category: ☘️上海频道, Name: 上海新闻综合, Total: 75, Valid: 0, Valid Percent: 0.00%, Whitelist: 2, IPv4: 0, IPv6: 73, Min Delay: -1 ms, Max Speed: 0.00 M/s, Avg Speed: 0.00 M/s, Max Resolution: None
Category: ☘️上海频道, Name: 上海纪实, Total: 5, Valid: 1, Valid Percent: 20.00%, Whitelist: 0, IPv4: 1, IPv6: 4, Min Delay: 0.1 ms, Max Speed: 0.00 M/s, Avg Speed: 0.00 M/s, Max Resolution: 1920x1080
Category: ☘️上海频道, Name: 上海都市, Total: 5, Valid: 1, Valid Percent: 20.00%, Whitelist: 1, IPv4: 0, IPv6: 4, Min Delay: 0.1 ms, Max Speed: 0.00 M/s, Avg Speed: 0.00 M/s, Max Resolution: 1920x1080
Category: ☘️上海频道, Name: 东方财经, Total: 14, Valid: 1, Valid Percent: 7.14%, Whitelist: 0, IPv4: 0, IPv6: 14, Min Delay: 0.1 ms, Max Speed: 0.00 M/s, Avg Speed: 0.00 M/s, Max Resolution: 1920x1080
Category: ☘️上海频道, Name: 全纪实, Total: 3, Valid: 2, Valid Percent: 66.67%, Whitelist: 0, IPv4: 3, IPv6: 0, Min Delay: 395 ms, Max Speed: 0.04 M/s, Avg Speed: 0.04 M/s, Max Resolution: 1920x1080
Category: ☘️上海频道, Name: 动漫秀场, Total: 34, Valid: 14, Valid Percent: 41.18%, Whitelist: 0, IPv4: 13, IPv6: 21, Min Delay: 0.1 ms, Max Speed: 0.91 M/s, Avg Speed: 0.71 M/s, Max Resolution: 1920x1080
Category: ☘️上海频道, Name: 哈哈炫动, Total: 22, Valid: 0, Valid Percent: 0.00%, Whitelist: 1, IPv4: 0, IPv6: 21, Min Delay: -1 ms, Max Speed: 0.00 M/s, Avg Speed: 0.00 M/s, Max Resolution: None
Category: ☘️上海频道, Name: 法治天地, Total: 11, Valid: 0, Valid Percent: 0.00%, Whitelist: 0, IPv4: 0, IPv6: 11, Min Delay: -1 ms, Max Speed: 0.00 M/s, Avg Speed: 0.00 M/s, Max Resolution: None
Category: ☘️上海频道, Name: 生活时尚, Total: 37, Valid: 11, Valid Percent: 29.73%, Whitelist: 0, IPv4: 11, IPv6: 26, Min Delay: 386 ms, Max Speed: 0.90 M/s, Avg Speed: 0.81 M/s, Max Resolution: 1920x1080
Category: ☘️上海频道, Name: 第一财经, Total: 80, Valid: 1, Valid Percent: 1.25%, Whitelist: 0, IPv4: 0, IPv6: 80, Min Delay: 0.1 ms, Max Speed: 0.00 M/s, Avg Speed: 0.00 M/s, Max Resolution: 1920x1080
Category: 📺电视剧频道, Name: 东方影视, Total: 12, Valid: 0, Valid Percent: 0.00%, Whitelist: 1, IPv4: 0, IPv6: 11, Min Delay: -1 ms, Max Speed: 0.00 M/s, Avg Speed: 0.00 M/s, Max Resolution: None
Category: 📺电视剧频道, Name: 欢笑剧场, Total: 21, Valid: 3, Valid Percent: 14.29%, Whitelist: 0, IPv4: 3, IPv6: 18, Min Delay: 375 ms, Max Speed: 0.90 M/s, Avg Speed: 0.81 M/s, Max Resolution: 1920x1080
Category: 📺电视剧频道, Name: 都市剧场, Total: 34, Valid: 11, Valid Percent: 32.35%, Whitelist: 0, IPv4: 11, IPv6: 23, Min Delay: 387 ms, Max Speed: 0.89 M/s, Avg Speed: 0.78 M/s, Max Resolution: None
Category: 📺电视剧频道, Name: 杭州影视, Total: 3, Valid: 3, Valid Percent: 100.00%, Whitelist: 0, IPv4: 3, IPv6: 0, Min Delay: 393 ms, Max Speed: 0.80 M/s, Avg Speed: 0.28 M/s, Max Resolution: None
Category: 📺电视剧频道, Name: 哈尔滨影视, Total: 3, Valid: 0, Valid Percent: 0.00%, Whitelist: 0, IPv4: 0, IPv6: 3, Min Delay: -1 ms, Max Speed: 0.00 M/s, Avg Speed: 0.00 M/s, Max Resolution: None
Category: 📺电视剧频道, Name: 辽宁影视剧, Total: 2, Valid: 0, Valid Percent: 0.00%, Whitelist: 0, IPv4: 0, IPv6: 2, Min Delay: -1 ms, Max Speed: 0.00 M/s, Avg Speed: 0.00 M/s, Max Resolution: None
Category: 📺电视剧频道, Name: 福建电视剧, Total: 1, Valid: 0, Valid Percent: 0.00%, Whitelist: 0, IPv4: 0, IPv6: 1, Min Delay: -1 ms, Max Speed: 0.00 M/s, Avg Speed: 0.00 M/s, Max Resolution: None
Category: 📺电视剧频道, Name: 湖北影视, Total: 2, Valid: 1, Valid Percent: 50.00%, Whitelist: 1, IPv4: 1, IPv6: 0, Min Delay: 393 ms, Max Speed: 0.26 M/s, Avg Speed: 0.26 M/s, Max Resolution: 1920x1080
Category: 📺电视剧频道, Name: 湖南电视剧, Total: 7, Valid: 1, Valid Percent: 14.29%, Whitelist: 0, IPv4: 1, IPv6: 6, Min Delay: 433 ms, Max Speed: 0.90 M/s, Avg Speed: 0.90 M/s, Max Resolution: 1920x1080
Category: 📺电视剧频道, Name: 安徽影视频道, Total: 1, Valid: 0, Valid Percent: 0.00%, Whitelist: 0, IPv4: 0, IPv6: 1, Min Delay: -1 ms, Max Speed: 0.00 M/s, Avg Speed: 0.00 M/s, Max Resolution: None
Category: 🎬电影频道, Name: CHC家庭影院, Total: 44, Valid: 14, Valid Percent: 31.82%, Whitelist: 1, IPv4: 14, IPv6: 29, Min Delay: 394 ms, Max Speed: 0.89 M/s, Avg Speed: 0.74 M/s, Max Resolution: 1920x1080
Category: 🎬电影频道, Name: CHC动作电影, Total: 49, Valid: 13, Valid Percent: 26.53%, Whitelist: 1, IPv4: 13, IPv6: 35, Min Delay: 393 ms, Max Speed: 0.89 M/s, Avg Speed: 0.83 M/s, Max Resolution: 1920x1080
Category: 🎬电影频道, Name: CHC高清电影, Total: 5, Valid: 2, Valid Percent: 40.00%, Whitelist: 0, IPv4: 5, IPv6: 0, Min Delay: 5005 ms, Max Speed: 0.06 M/s, Avg Speed: 0.04 M/s, Max Resolution: 1920x1080
Category: 🎬电影频道, Name: 峨眉电影, Total: 1, Valid: 1, Valid Percent: 100.00%, Whitelist: 0, IPv4: 1, IPv6: 0, Min Delay: 392 ms, Max Speed: 0.87 M/s, Avg Speed: 0.87 M/s, Max Resolution: 0x0
Category: 🎬电影频道, Name: 湖南电影, Total: 7, Valid: 1, Valid Percent: 14.29%, Whitelist: 0, IPv4: 1, IPv6: 6, Min Delay: 402 ms, Max Speed: 0.27 M/s, Avg Speed: 0.27 M/s, Max Resolution: None
Category: 🎬电影频道, Name: 黑莓电影, Total: 1, Valid: 0, Valid Percent: 0.00%, Whitelist: 0, IPv4: 0, IPv6: 1, Min Delay: -1 ms, Max Speed: 0.00 M/s, Avg Speed: 0.00 M/s, Max Resolution: None
Category: 🎬电影频道, Name: 经典电影, Total: 2, Valid: 0, Valid Percent: 0.00%, Whitelist: 1, IPv4: 0, IPv6: 1, Min Delay: -1 ms, Max Speed: 0.00 M/s, Avg Speed: 0.00 M/s, Max Resolution: None
Category: 🎬电影频道, Name: 星空卫视, Total: 3, Valid: 0, Valid Percent: 0.00%, Whitelist: 0, IPv4: 0, IPv6: 3, Min Delay: -1 ms, Max Speed: 0.00 M/s, Avg Speed: 0.00 M/s, Max Resolution: None
Category: 📍其他地方, Name: 苏州新闻综合, Total: 4, Valid: 1, Valid Percent: 25.00%, Whitelist: 1, IPv4: 3, IPv6: 0, Min Delay: 237 ms, Max Speed: 1.24 M/s, Avg Speed: 1.24 M/s, Max Resolution: 1280x720
Category: 📍其他地方, Name: 苏州社会经济, Total: 4, Valid: 1, Valid Percent: 25.00%, Whitelist: 1, IPv4: 3, IPv6: 0, Min Delay: 224 ms, Max Speed: 2.10 M/s, Avg Speed: 2.10 M/s, Max Resolution: 1280x720
Category: 📍其他地方, Name: 苏州文化生活, Total: 6, Valid: 0, Valid Percent: 0.00%, Whitelist: 3, IPv4: 3, IPv6: 0, Min Delay: 66 ms, Max Speed: 0.00 M/s, Avg Speed: 0.00 M/s, Max Resolution: None
Category: 📍其他地方, Name: 苏州电影娱乐, Total: 3, Valid: 1, Valid Percent: 33.33%, Whitelist: 1, IPv4: 2, IPv6: 0, Min Delay: 59 ms, Max Speed: 0.53 M/s, Avg Speed: 0.53 M/s, Max Resolution: 1280x720
Category: 📍其他地方, Name: 苏州生活资讯, Total: 13, Valid: 2, Valid Percent: 15.38%, Whitelist: 1, IPv4: 12, IPv6: 0, Min Delay: 62 ms, Max Speed: 0.58 M/s, Avg Speed: 0.52 M/s, Max Resolution: 1280x720
Category: 📍其他地方, Name: 苏州4k, Total: 13, Valid: 6, Valid Percent: 46.15%, Whitelist: 7, IPv4: 6, IPv6: 0, Min Delay: 462 ms, Max Speed: 1.44 M/s, Avg Speed: 1.08 M/s, Max Resolution: 3840x2160
Category: 📍其他地方, Name: 湖南公共, Total: 4, Valid: 2, Valid Percent: 50.00%, Whitelist: 0, IPv4: 4, IPv6: 0, Min Delay: 416 ms, Max Speed: 0.03 M/s, Avg Speed: 0.02 M/s, Max Resolution: 720x576
Category: 📍其他地方, Name: 湖南娱乐, Total: 6, Valid: 0, Valid Percent: 0.00%, Whitelist: 0, IPv4: 0, IPv6: 6, Min Delay: -1 ms, Max Speed: 0.00 M/s, Avg Speed: 0.00 M/s, Max Resolution: None
Category: 📍其他地方, Name: 湖南都市, Total: 6, Valid: 0, Valid Percent: 0.00%, Whitelist: 0, IPv4: 0, IPv6: 6, Min Delay: -1 ms, Max Speed: 0.00 M/s, Avg Speed: 0.00 M/s, Max Resolution: None
Category: 📍其他地方, Name: 湖南爱晚, Total: 5, Valid: 0, Valid Percent: 0.00%, Whitelist: 0, IPv4: 0, IPv6: 5, Min Delay: -1 ms, Max Speed: 0.00 M/s, Avg Speed: 0.00 M/s, Max Resolution: None
Category: 📍其他地方, Name: 金鹰纪实, Total: 52, Valid: 19, Valid Percent: 36.54%, Whitelist: 0, IPv4: 19, IPv6: 33, Min Delay: 393 ms, Max Speed: 0.89 M/s, Avg Speed: 0.80 M/s, Max Resolution: 1920x1080
Category: 📍其他地方, Name: 绍兴文化, Total: 1, Valid: 1, Valid Percent: 100.00%, Whitelist: 0, IPv4: 1, IPv6: 0, Min Delay: 3136 ms, Max Speed: 0.25 M/s, Avg Speed: 0.25 M/s, Max Resolution: 1280x720
Category: 📍其他地方, Name: 杭州综合, Total: 2, Valid: 2, Valid Percent: 100.00%, Whitelist: 0, IPv4: 2, IPv6: 0, Min Delay: 1640 ms, Max Speed: 0.00 M/s, Avg Speed: 0.00 M/s, Max Resolution: None
Category: 📍其他地方, Name: 杭州生活, Total: 4, Valid: 3, Valid Percent: 75.00%, Whitelist: 0, IPv4: 4, IPv6: 0, Min Delay: 395 ms, Max Speed: 0.81 M/s, Avg Speed: 0.54 M/s, Max Resolution: 1920x1080
Category: 📍其他地方, Name: 杭州明珠, Total: 3, Valid: 3, Valid Percent: 100.00%, Whitelist: 0, IPv4: 3, IPv6: 0, Min Delay: 420 ms, Max Speed: 0.78 M/s, Avg Speed: 0.26 M/s, Max Resolution: None
Category: 📍其他地方, Name: 浙江青田, Total: 2, Valid: 0, Valid Percent: 0.00%, Whitelist: 0, IPv4: 2, IPv6: 0, Min Delay: 5293 ms, Max Speed: 0.00 M/s, Avg Speed: 0.00 M/s, Max Resolution: 1920x1080
Category: 📍其他地方, Name: 浙江生活, Total: 8, Valid: 1, Valid Percent: 12.50%, Whitelist: 0, IPv4: 1, IPv6: 7, Min Delay: 415 ms, Max Speed: 0.78 M/s, Avg Speed: 0.78 M/s, Max Resolution: None
Category: 📍其他地方, Name: 浙江民生休闲, Total: 9, Valid: 2, Valid Percent: 22.22%, Whitelist: 0, IPv4: 2, IPv6: 7, Min Delay: 376 ms, Max Speed: 0.82 M/s, Avg Speed: 0.81 M/s, Max Resolution: 1920x1080
Category: 📍其他地方, Name: 安徽经济生活, Total: 2, Valid: 0, Valid Percent: 0.00%, Whitelist: 0, IPv4: 0, IPv6: 2, Min Delay: -1 ms, Max Speed: 0.00 M/s, Avg Speed: 0.00 M/s, Max Resolution: None
Category: 📍其他地方, Name: 山东综艺, Total: 1, Valid: 1, Valid Percent: 100.00%, Whitelist: 0, IPv4: 1, IPv6: 0, Min Delay: 407 ms, Max Speed: 0.87 M/s, Avg Speed: 0.87 M/s, Max Resolution: 1920x1080
Category: 📍其他地方, Name: 北京生活, Total: 5, Valid: 1, Valid Percent: 20.00%, Whitelist: 0, IPv4: 1, IPv6: 4, Min Delay: 411 ms, Max Speed: 0.80 M/s, Avg Speed: 0.80 M/s, Max Resolution: 1920x1080
Category: 📍其他地方, Name: 吉林都市, Total: 1, Valid: 0, Valid Percent: 0.00%, Whitelist: 0, IPv4: 0, IPv6: 1, Min Delay: -1 ms, Max Speed: 0.00 M/s, Avg Speed: 0.00 M/s, Max Resolution: None
Category: 📍其他地方, Name: 吉林乡村, Total: 1, Valid: 0, Valid Percent: 0.00%, Whitelist: 0, IPv4: 0, IPv6: 1, Min Delay: -1 ms, Max Speed: 0.00 M/s, Avg Speed: 0.00 M/s, Max Resolution: None
Category: 📍其他地方, Name: 辽宁都市, Total: 2, Valid: 0, Valid Percent: 0.00%, Whitelist: 0, IPv4: 0, IPv6: 2, Min Delay: -1 ms, Max Speed: 0.00 M/s, Avg Speed: 0.00 M/s, Max Resolution: None
Category: 📍其他地方, Name: 黑龙江都市, Total: 4, Valid: 0, Valid Percent: 0.00%, Whitelist: 0, IPv4: 0, IPv6: 4, Min Delay: -1 ms, Max Speed: 0.00 M/s, Avg Speed: 0.00 M/s, Max Resolution: None
Category: 📍其他地方, Name: 黑龙江文体, Total: 4, Valid: 0, Valid Percent: 0.00%, Whitelist: 0, IPv4: 0, IPv6: 4, Min Delay: -1 ms, Max Speed: 0.00 M/s, Avg Speed: 0.00 M/s, Max Resolution: None
Category: 📍其他地方, Name: 河南都市, Total: 1, Valid: 0, Valid Percent: 0.00%, Whitelist: 0, IPv4: 0, IPv6: 1, Min Delay: -1 ms, Max Speed: 0.00 M/s, Avg Speed: 0.00 M/s, Max Resolution: None
Category: 📍其他地方, Name: 河南民生, Total: 1, Valid: 0, Valid Percent: 0.00%, Whitelist: 0, IPv4: 0, IPv6: 1, Min Delay: -1 ms, Max Speed: 0.00 M/s, Avg Speed: 0.00 M/s, Max Resolution: None
Category: 📍其他地方, Name: 河北都市, Total: 7, Valid: 0, Valid Percent: 0.00%, Whitelist: 0, IPv4: 0, IPv6: 7, Min Delay: -1 ms, Max Speed: 0.00 M/s, Avg Speed: 0.00 M/s, Max Resolution: None
Category: 📍其他地方, Name: 河北农民, Total: 5, Valid: 0, Valid Percent: 0.00%, Whitelist: 0, IPv4: 0, IPv6: 5, Min Delay: -1 ms, Max Speed: 0.00 M/s, Avg Speed: 0.00 M/s, Max Resolution: None
Category: 📍其他地方, Name: 湖北公共, Total: 2, Valid: 0, Valid Percent: 0.00%, Whitelist: 1, IPv4: 1, IPv6: 0, Min Delay: 396 ms, Max Speed: 0.00 M/s, Avg Speed: 0.00 M/s, Max Resolution: 0x0
Category: 📍其他地方, Name: 湖北垄上, Total: 2, Valid: 1, Valid Percent: 50.00%, Whitelist: 1, IPv4: 1, IPv6: 0, Min Delay: 452 ms, Max Speed: 0.16 M/s, Avg Speed: 0.16 M/s, Max Resolution: 0x0
Category: 📍其他地方, Name: 湖北生活, Total: 2, Valid: 0, Valid Percent: 0.00%, Whitelist: 1, IPv4: 1, IPv6: 0, Min Delay: 433 ms, Max Speed: 0.00 M/s, Avg Speed: 0.00 M/s, Max Resolution: 1920x1080
Category: 📍其他地方, Name: 福建综合, Total: 2, Valid: 0, Valid Percent: 0.00%, Whitelist: 0, IPv4: 0, IPv6: 2, Min Delay: -1 ms, Max Speed: 0.00 M/s, Avg Speed: 0.00 M/s, Max Resolution: None
Category: 📍其他地方, Name: 海南公共, Total: 3, Valid: 1, Valid Percent: 33.33%, Whitelist: 1, IPv4: 1, IPv6: 1, Min Delay: 405 ms, Max Speed: 0.87 M/s, Avg Speed: 0.87 M/s, Max Resolution: None
Category: 🏀体育频道, Name: CCTV-5, Total: 201, Valid: 7, Valid Percent: 3.48%, Whitelist: 7, IPv4: 0, IPv6: 194, Min Delay: 0.1 ms, Max Speed: 0.00 M/s, Avg Speed: 0.00 M/s, Max Resolution: 1920x1080
Category: 🏀体育频道, Name: CCTV-5+, Total: 162, Valid: 6, Valid Percent: 3.70%, Whitelist: 5, IPv4: 0, IPv6: 157, Min Delay: 0.1 ms, Max Speed: 0.00 M/s, Avg Speed: 0.00 M/s, Max Resolution: 1920x1080
Category: 🏀体育频道, Name: 广东体育, Total: 13, Valid: 4, Valid Percent: 30.77%, Whitelist: 1, IPv4: 4, IPv6: 8, Min Delay: 382 ms, Max Speed: 0.90 M/s, Avg Speed: 0.67 M/s, Max Resolution: 1920x1080
Category: 🏀体育频道, Name: 五星体育, Total: 9, Valid: 0, Valid Percent: 0.00%, Whitelist: 0, IPv4: 0, IPv6: 9, Min Delay: -1 ms, Max Speed: 0.00 M/s, Avg Speed: 0.00 M/s, Max Resolution: None
Category: 🏀体育频道, Name: 劲爆体育, Total: 2, Valid: 0, Valid Percent: 0.00%, Whitelist: 2, IPv4: 0, IPv6: 0, Min Delay: -1 ms, Max Speed: 0.00 M/s, Avg Speed: 0.00 M/s, Max Resolution: None
Category: 🏀体育频道, Name: 超级体育, Total: 1, Valid: 1, Valid Percent: 100.00%, Whitelist: 0, IPv4: 0, IPv6: 1, Min Delay: 0.1 ms, Max Speed: 0.00 M/s, Avg Speed: 0.00 M/s, Max Resolution: 1920x1080
Category: 🏀体育频道, Name: 广州竞赛, Total: 1, Valid: 0, Valid Percent: 0.00%, Whitelist: 0, IPv4: 0, IPv6: 1, Min Delay: -1 ms, Max Speed: 0.00 M/s, Avg Speed: 0.00 M/s, Max Resolution: None
Category: 🏀体育频道, Name: 辽宁体育, Total: 1, Valid: 0, Valid Percent: 0.00%, Whitelist: 0, IPv4: 0, IPv6: 1, Min Delay: -1 ms, Max Speed: 0.00 M/s, Avg Speed: 0.00 M/s, Max Resolution: None
Category: 🏀体育频道, Name: 山东体育, Total: 1, Valid: 1, Valid Percent: 100.00%, Whitelist: 0, IPv4: 0, IPv6: 1, Min Delay: 0.1 ms, Max Speed: 0.00 M/s, Avg Speed: 0.00 M/s, Max Resolution: 1920x1080
Category: 🏀体育频道, Name: 安徽综艺体育, Total: 3, Valid: 0, Valid Percent: 0.00%, Whitelist: 0, IPv4: 0, IPv6: 3, Min Delay: -1 ms, Max Speed: 0.00 M/s, Avg Speed: 0.00 M/s, Max Resolution: None
Category: 🏀体育频道, Name: 北京体育休闲, Total: 6, Valid: 3, Valid Percent: 50.00%, Whitelist: 0, IPv4: 3, IPv6: 3, Min Delay: 405 ms, Max Speed: 0.79 M/s, Avg Speed: 0.78 M/s, Max Resolution: 1920x1080
Category: 🏀体育频道, Name: 睛彩篮球, Total: 19, Valid: 3, Valid Percent: 15.79%, Whitelist: 0, IPv4: 3, IPv6: 16, Min Delay: 404 ms, Max Speed: 0.85 M/s, Avg Speed: 0.67 M/s, Max Resolution: 1920x1080
Category: 🏀体育频道, Name: 睛彩广场舞, Total: 3, Valid: 0, Valid Percent: 0.00%, Whitelist: 0, IPv4: 0, IPv6: 3, Min Delay: -1 ms, Max Speed: 0.00 M/s, Avg Speed: 0.00 M/s, Max Resolution: None
Category: 🏀体育频道, Name: 睛彩竞技, Total: 18, Valid: 3, Valid Percent: 16.67%, Whitelist: 0, IPv4: 3, IPv6: 15, Min Delay: 399 ms, Max Speed: 0.94 M/s, Avg Speed: 0.88 M/s, Max Resolution: 1920x1080
Category: 🏀体育频道, Name: 足球频道, Total: 2, Valid: 0, Valid Percent: 0.00%, Whitelist: 0, IPv4: 0, IPv6: 2, Min Delay: -1 ms, Max Speed: 0.00 M/s, Avg Speed: 0.00 M/s, Max Resolution: None
Category: 🏀体育频道, Name: 魅力足球, Total: 2, Valid: 1, Valid Percent: 50.00%, Whitelist: 0, IPv4: 2, IPv6: 0, Min Delay: 390 ms, Max Speed: 0.16 M/s, Avg Speed: 0.16 M/s, Max Resolution: None
Category: 🀄棋牌频道, Name: JJ斗地主, Total: 4, Valid: 0, Valid Percent: 0.00%, Whitelist: 4, IPv4: 0, IPv6: 0, Min Delay: -1 ms, Max Speed: 0.00 M/s, Avg Speed: 0.00 M/s, Max Resolution: None
Category: 🀄棋牌频道, Name: JJ麻将, Total: 2, Valid: 0, Valid Percent: 0.00%, Whitelist: 2, IPv4: 0, IPv6: 0, Min Delay: -1 ms, Max Speed: 0.00 M/s, Avg Speed: 0.00 M/s, Max Resolution: None
Category: 🀄棋牌频道, Name: JJ麻将冠军杯, Total: 2, Valid: 0, Valid Percent: 0.00%, Whitelist: 2, IPv4: 0, IPv6: 0, Min Delay: -1 ms, Max Speed: 0.00 M/s, Avg Speed: 0.00 M/s, Max Resolution: None
Category: 🀄棋牌频道, Name: 雀魂麻将, Total: 4, Valid: 0, Valid Percent: 0.00%, Whitelist: 4, IPv4: 0, IPv6: 0, Min Delay: -1 ms, Max Speed: 0.00 M/s, Avg Speed: 0.00 M/s, Max Resolution: None
Category: 🀄棋牌频道, Name: 麻将研究院, Total: 2, Valid: 0, Valid Percent: 0.00%, Whitelist: 2, IPv4: 0, IPv6: 0, Min Delay: -1 ms, Max Speed: 0.00 M/s, Avg Speed: 0.00 M/s, Max Resolution: None
Category: 🀄棋牌频道, Name: 深圳麻将, Total: 2, Valid: 0, Valid Percent: 0.00%, Whitelist: 2, IPv4: 0, IPv6: 0, Min Delay: -1 ms, Max Speed: 0.00 M/s, Avg Speed: 0.00 M/s, Max Resolution: None
Category: 🀄棋牌频道, Name: 日本麻将, Total: 2, Valid: 0, Valid Percent: 0.00%, Whitelist: 2, IPv4: 0, IPv6: 0, Min Delay: -1 ms, Max Speed: 0.00 M/s, Avg Speed: 0.00 M/s, Max Resolution: None
Category: 📺轮播影视, Name: 狂飙, Total: 1, Valid: 0, Valid Percent: 0.00%, Whitelist: 0, IPv4: 0, IPv6: 1, Min Delay: -1 ms, Max Speed: 0.00 M/s, Avg Speed: 0.00 M/s, Max Resolution: None
Category: 📺轮播影视, Name: 伪装者, Total: 1, Valid: 0, Valid Percent: 0.00%, Whitelist: 0, IPv4: 0, IPv6: 1, Min Delay: -1 ms, Max Speed: 0.00 M/s, Avg Speed: 0.00 M/s, Max Resolution: None
Category: 📺轮播影视, Name: 情满四合院, Total: 3, Valid: 0, Valid Percent: 0.00%, Whitelist: 0, IPv4: 0, IPv6: 3, Min Delay: -1 ms, Max Speed: 0.00 M/s, Avg Speed: 0.00 M/s, Max Resolution: None
Category: 📺轮播影视, Name: 济公, Total: 1, Valid: 0, Valid Percent: 0.00%, Whitelist: 0, IPv4: 0, IPv6: 1, Min Delay: -1 ms, Max Speed: 0.00 M/s, Avg Speed: 0.00 M/s, Max Resolution: None
Category: 📺轮播影视, Name: 少年包青天, Total: 3, Valid: 1, Valid Percent: 33.33%, Whitelist: 0, IPv4: 1, IPv6: 2, Min Delay: 1207 ms, Max Speed: 0.20 M/s, Avg Speed: 0.20 M/s, Max Resolution: 1080x1920
Category: 📺轮播影视, Name: 神医喜来乐, Total: 1, Valid: 0, Valid Percent: 0.00%, Whitelist: 0, IPv4: 0, IPv6: 1, Min Delay: -1 ms, Max Speed: 0.00 M/s, Avg Speed: 0.00 M/s, Max Resolution: None
Category: 📺轮播影视, Name: 神探狄仁杰, Total: 1, Valid: 0, Valid Percent: 0.00%, Whitelist: 0, IPv4: 0, IPv6: 1, Min Delay: -1 ms, Max Speed: 0.00 M/s, Avg Speed: 0.00 M/s, Max Resolution: None
Category: 📺轮播影视, Name: 宰相刘罗锅, Total: 2, Valid: 0, Valid Percent: 0.00%, Whitelist: 0, IPv4: 0, IPv6: 2, Min Delay: -1 ms, Max Speed: 0.00 M/s, Avg Speed: 0.00 M/s, Max Resolution: None
Category: 📺轮播影视, Name: 铁齿铜牙纪晓岚, Total: 2, Valid: 0, Valid Percent: 0.00%, Whitelist: 0, IPv4: 0, IPv6: 2, Min Delay: -1 ms, Max Speed: 0.00 M/s, Avg Speed: 0.00 M/s, Max Resolution: None
Category: 📺轮播影视, Name: 雍正王朝, Total: 1, Valid: 0, Valid Percent: 0.00%, Whitelist: 0, IPv4: 0, IPv6: 1, Min Delay: -1 ms, Max Speed: 0.00 M/s, Avg Speed: 0.00 M/s, Max Resolution: None
Category: 📺轮播影视, Name: 康熙微服私访记, Total: 1, Valid: 0, Valid Percent: 0.00%, Whitelist: 0, IPv4: 0, IPv6: 1, Min Delay: -1 ms, Max Speed: 0.00 M/s, Avg Speed: 0.00 M/s, Max Resolution: None
Category: 📺轮播影视, Name: 武林外传, Total: 3, Valid: 0, Valid Percent: 0.00%, Whitelist: 2, IPv4: 0, IPv6: 1, Min Delay: -1 ms, Max Speed: 0.00 M/s, Avg Speed: 0.00 M/s, Max Resolution: None
Category: 📺轮播影视, Name: 我爱我家, Total: 1, Valid: 0, Valid Percent: 0.00%, Whitelist: 0, IPv4: 0, IPv6: 1, Min Delay: -1 ms, Max Speed: 0.00 M/s, Avg Speed: 0.00 M/s, Max Resolution: None
